[7oroof.com/demos/industic/index.html]
[7oroof.com/demos/industic/assets/images/favicon/favicon.png]
[backblue.gif]
[fade.gif]
[index.html]
[7oroof.com/demos/industic/assets/css/libraries.css]
[7oroof.com/demos/industic/assets/css/style.css]
[7oroof.com/demos/industic/assets/images/logo/logo-light.png]
[7oroof.com/demos/industic/assets/images/logo/logo-dark.png]
[7oroof.com/demos/industic/home-modern.html]
[7oroof.com/demos/industic/home-classic.html]
[7oroof.com/demos/industic/why-us.html]
[7oroof.com/demos/industic/about-us.html]
[7oroof.com/demos/industic/leadership-team.html]
[7oroof.com/demos/industic/awards.html]
[7oroof.com/demos/industic/pricing.html]
[7oroof.com/demos/industic/faqs.html]
[7oroof.com/demos/industic/careers.html]
[7oroof.com/demos/industic/Industries-industry-served.html]
[7oroof.com/demos/industic/industries-single-industry.html]
[7oroof.com/demos/industic/single-industry.html]
[7oroof.com/demos/industic/blog.html]
[7oroof.com/demos/industic/blog-single-post.html]
[7oroof.com/demos/industic/case-studies-grid.html]
[7oroof.com/demos/industic/case-studies-carousel.html]
[7oroof.com/demos/industic/case-studies-single.html]
[7oroof.com/demos/industic/contacs.html]
[7oroof.com/demos/industic/request-quote.html]
[7oroof.com/demos/industic/assets/images/sliders/1.jpg]
[7oroof.com/demos/industic/assets/images/sliders/2.jpg]
[7oroof.com/demos/industic/assets/images/sliders/3.jpg]
[7oroof.com/demos/industic/assets/images/about/singnture.png]
[7oroof.com/demos/industic/assets/images/about/3.jpg]
[7oroof.com/demos/industic/assets/images/services/1.jpg]
[7oroof.com/demos/industic/assets/images/services/2.jpg]
[7oroof.com/demos/industic/assets/images/services/3.jpg]
[7oroof.com/demos/industic/assets/images/services/4.jpg]
[7oroof.com/demos/industic/assets/images/backgrounds/2.jpg]
[7oroof.com/demos/industic/assets/images/banners/1.jpg]
[7oroof.com/demos/industic/assets/images/case-studies/grid/1.jpg]
[7oroof.com/demos/industic/assets/images/case-studies/grid/2.jpg]
[7oroof.com/demos/industic/assets/images/case-studies/grid/3.jpg]
[7oroof.com/demos/industic/assets/images/case-studies/grid/5.jpg]
[7oroof.com/demos/industic/assets/images/case-studies/grid/6.jpg]
[7oroof.com/demos/industic/assets/images/case-studies/grid/4.jpg]
[7oroof.com/demos/industic/assets/images/backgrounds/3.jpg]
[7oroof.com/demos/industic/assets/images/banners/2.jpg]
[7oroof.com/demos/industic/assets/images/testimonials/thumbs/3.jpg]
[7oroof.com/demos/industic/assets/images/testimonials/thumbs/1.jpg]
[7oroof.com/demos/industic/assets/images/testimonials/thumbs/2.jpg]
[7oroof.com/demos/industic/assets/images/clients/9.png]
[7oroof.com/demos/industic/assets/images/clients/10.png]
[7oroof.com/demos/industic/assets/images/clients/11.png]
[7oroof.com/demos/industic/assets/images/clients/12.png]
[7oroof.com/demos/industic/assets/images/clients/13.png]
[7oroof.com/demos/industic/assets/images/banners/3.jpg]
[7oroof.com/demos/industic/assets/images/blog/grid/1.jpg]
[7oroof.com/demos/industic/assets/images/blog/grid/2.jpg]
[7oroof.com/demos/industic/assets/images/blog/grid/3.jpg]
[7oroof.com/demos/industic/assets/images/logo/logo-footer.png]
[7oroof.com/cdn-cgi/scripts/5c5dd728/cloudflare-static/email-decode.min.js]
[7oroof.com/demos/industic/assets/js/jquery-3.3.1.min.js]
[7oroof.com/demos/industic/index.html]
[7oroof.com/demos/industic/assets/js/main.js]
[7oroof.com/demos/industic/assets/js/plugins.js]
[7oroof.com/demos/industic/assets/fonts/fontawesome-webfont3e6e.eot]
[7oroof.com/demos/industic/assets/fonts/fontawesome-webfontd41d.eot]
[7oroof.com/demos/industic/assets/fonts/fontawesome-webfont3e6e.woff2]
[7oroof.com/demos/industic/assets/fonts/fontawesome-webfont3e6e.woff]
[7oroof.com/demos/industic/assets/fonts/fontawesome-webfont3e6e.ttf]
[7oroof.com/demos/industic/assets/css/owl.video.play.png]
[7oroof.com/demos/industic/assets/fonts/fontawesome-webfont3e6e.svg]
[7oroof.com/demos/industic/assets/fonts/icomoon437f.eot]
[7oroof.com/demos/industic/assets/fonts/icomoon437f.ttf]
[7oroof.com/demos/industic/assets/fonts/icomoon437f.woff]
[7oroof.com/demos/industic/assets/css/libraries.css]
[7oroof.com/demos/industic/assets/fonts/icomoon437f.svg]
[7oroof.com/demos/industic/assets/images/testimonials/quote-icon.png]
[7oroof.com/demos/industic/assets/css/style.css]
[7oroof.com/demos/industic/assets/images/sliders/5.jpg]
[7oroof.com/demos/industic/assets/images/sliders/4.jpg]
[7oroof.com/demos/industic/assets/images/services/5.jpg]
[7oroof.com/demos/industic/assets/images/services/6.jpg]
[7oroof.com/demos/industic/assets/images/video/1.jpg]
[7oroof.com/demos/industic/assets/images/case-studies/slider/1.jpg]
[7oroof.com/demos/industic/assets/images/case-studies/slider/2.jpg]
[7oroof.com/demos/industic/assets/images/case-studies/slider/3.jpg]
[7oroof.com/demos/industic/assets/images/case-studies/slider/4.jpg]
[7oroof.com/demos/industic/assets/images/about/1.jpg]
[7oroof.com/demos/industic/assets/images/about/2.jpg]
[7oroof.com/demos/industic/home-modern.html]
[7oroof.com/demos/industic/assets/images/backgrounds/1.jpg]
[7oroof.com/demos/industic/assets/images/case-studies/carousel/1.jpg]
[7oroof.com/demos/industic/assets/images/case-studies/carousel/2.jpg]
[7oroof.com/demos/industic/assets/images/case-studies/carousel/3.jpg]
[7oroof.com/demos/industic/home-classic.html]
[7oroof.com/demos/industic/assets/js/google-map.js]
[7oroof.com/demos/industic/assets/images/page-titles/1.jpg]
[7oroof.com/demos/industic/about-us.html]
[7oroof.com/demos/industic/assets/images/page-titles/2.jpg]
[7oroof.com/demos/industic/why-us.html]
[7oroof.com/demos/industic/assets/images/page-titles/3.jpg]
[7oroof.com/demos/industic/assets/images/team/1.jpg]
[7oroof.com/demos/industic/assets/images/team/2.jpg]
[7oroof.com/demos/industic/assets/images/team/3.jpg]
[7oroof.com/demos/industic/assets/images/team/4.jpg]
[7oroof.com/demos/industic/assets/images/team/5.jpg]
[7oroof.com/demos/industic/assets/images/team/6.jpg]
[7oroof.com/demos/industic/assets/images/team/7.jpg]
[7oroof.com/demos/industic/leadership-team.html]
[7oroof.com/demos/industic/assets/images/page-titles/4.jpg]
[7oroof.com/demos/industic/assets/images/awards/1.jpg]
[7oroof.com/demos/industic/assets/images/awards/2.jpg]
[7oroof.com/demos/industic/assets/images/awards/3.jpg]
[7oroof.com/demos/industic/assets/images/awards/4.jpg]
[7oroof.com/demos/industic/assets/images/awards/5.jpg]
[7oroof.com/demos/industic/assets/images/awards/6.jpg]
[7oroof.com/demos/industic/awards.html]
[7oroof.com/demos/industic/assets/images/page-titles/5.jpg]
[7oroof.com/demos/industic/pricing.html]
[7oroof.com/demos/industic/assets/images/page-titles/6.jpg]
[7oroof.com/demos/industic/faqs.html]
[7oroof.com/demos/industic/assets/images/page-titles/7.jpg]
[7oroof.com/demos/industic/careers.html]
[7oroof.com/demos/industic/assets/images/page-titles/8.jpg]
[7oroof.com/demos/industic/Industries-industry-served.html]
[7oroof.com/demos/industic/assets/images/page-titles/9.jpg]
[7oroof.com/demos/industic/assets/images/sidebar/1.jpg]
[7oroof.com/demos/industic/assets/images/icons/pdf.png]
[7oroof.com/demos/industic/assets/images/charts/2.png]
[7oroof.com/demos/industic/industries-single-industry.html]
[7oroof.com/demos/industic/single-industry.html]
[7oroof.com/demos/industic/assets/images/page-titles/12.jpg]
[7oroof.com/demos/industic/assets/images/blog/grid/4.jpg]
[7oroof.com/demos/industic/assets/images/blog/grid/5.jpg]
[7oroof.com/demos/industic/assets/images/blog/grid/6.jpg]
[7oroof.com/demos/industic/blog.html]
[7oroof.com/demos/industic/assets/images/blog/thumbs/1.jpg]
[7oroof.com/demos/industic/assets/images/blog/thumbs/2.jpg]
[7oroof.com/demos/industic/assets/images/blog/single/1.jpg]
[7oroof.com/demos/industic/assets/images/blog/thumbs/3.jpg]
[7oroof.com/demos/industic/assets/images/blog/thumbs/4.jpg]
[7oroof.com/demos/industic/assets/images/blog/author/1.jpg]
[7oroof.com/demos/industic/assets/images/blog/author/2.jpg]
[7oroof.com/demos/industic/assets/images/blog/author/3.jpg]
[7oroof.com/demos/industic/blog-single-post.html]
[7oroof.com/demos/industic/assets/images/page-titles/13.jpg]
[7oroof.com/demos/industic/case-studies-grid.html]
[7oroof.com/demos/industic/case-studies-carousel.html]
[7oroof.com/demos/industic/assets/images/page-titles/14.jpg]
[7oroof.com/demos/industic/assets/images/charts/1.png]
[7oroof.com/demos/industic/case-studies-single.html]
[7oroof.com/demos/industic/contacs.html]
[7oroof.com/demos/industic/request-quote.html]
[7oroof.com/demos/industic/assets/fonts/fontawesome-webfont3e6e.svg]
[7oroof.com/demos/industic/assets/css/owl.video.play.html]
[7oroof.com/demos/industic/assets/fonts/icomoon437f.svg]
